// Jest Snapshot v1, https://goo.gl/fbAQLP

exports[`Timer Renders correctly 1`] = `
<div>
  <div
    className="timer-center"
  >
    <h1
      className="timer-format"
    >
      0:00
    </h1>
    <button
      className="timer-btns start-btn"
      onClick={[Function]}
      type="button"
    >
      Start
    </button>
    <button
      className="timer-btns stop-btn"
      onClick={[Function]}
      type="button"
    >
      Stop
    </button>
    <button
      className="timer-btns start-btn"
      onClick={[Function]}
      type="button"
    >
      Save
    </button>
    <button
      className="timer-btns stop-btn"
      onClick={[Function]}
      type="button"
    >
      Reset
    </button>
    <br />
    <div
      className="fieldwrapper"
    >
      <div
        className="timer-text"
      >
         Distance Hiked (miles): 
      </div>
      <input
        className="distance-calculator"
        name="distanceInMiles"
        onChange={[Function]}
        placeholder="miles"
        type="text"
        value={0}
      />
      <div
        className="timer-text"
      >
         Total (miles): 
      </div>
      <input
        className="distance-calculator"
        name="trailDistance"
        onChange={[Function]}
        placeholder="miles"
        type="text"
        value={0}
      />
    </div>
  </div>
  <ul
    className="timer-save"
  />
</div>
`;
